// Jest Snapshot v1, https://goo.gl/fbAQLP

exports[`AuthLoadingScreen スナップショットテスト 1`] = `
<View
  style={
    {
      "alignItems": "center",
      "flex": 1,
      "justifyContent": "center",
    }
  }
>
  <ActivityIndicator
    size="large"
  />
  <Text>
    Loading...
  </Text>
</View>
`;
